<root>org.test.simple.Test is a very good class. Definitely useful.</root>
